[2026-05-01T09:00:00 INFO] DDIM-50 vs DDPM-1000 baseline (10 + 3 reruns, COCO-2017-val 5k, CFG=7.5, fp16)
[2026-05-01T09:00:00 INFO] DDIM-50 run 1/10 starting (seed=42)
[2026-05-01T09:01:00 INFO] DDIM-50 run 1/10 sampled 1000 / 5000 images
[2026-05-01T09:02:00 INFO] DDIM-50 run 1/10 sampled 2000 / 5000 images
[2026-05-01T09:03:00 INFO] DDIM-50 run 1/10 sampled 3000 / 5000 images
[2026-05-01T09:04:00 INFO] DDIM-50 run 1/10 sampled 4000 / 5000 images
[2026-05-01T09:05:00 INFO] DDIM-50 run 1/10 sampled 5000 / 5000 images
[2026-05-01T09:05:50 INFO] DDIM-50 run 1/10 done: FID=12.525 wall=350.1s
[2026-05-01T09:06:00 INFO] DDIM-50 run 2/10 starting (seed=42)
[2026-05-01T09:07:00 INFO] DDIM-50 run 2/10 sampled 1000 / 5000 images
[2026-05-01T09:08:00 INFO] DDIM-50 run 2/10 sampled 2000 / 5000 images
[2026-05-01T09:09:00 INFO] DDIM-50 run 2/10 sampled 3000 / 5000 images
[2026-05-01T09:10:00 INFO] DDIM-50 run 2/10 sampled 4000 / 5000 images
[2026-05-01T09:11:00 INFO] DDIM-50 run 2/10 sampled 5000 / 5000 images
[2026-05-01T09:11:50 INFO] DDIM-50 run 2/10 done: FID=12.549 wall=350.1s
[2026-05-01T09:12:00 INFO] DDIM-50 run 3/10 starting (seed=42)
[2026-05-01T09:13:00 INFO] DDIM-50 run 3/10 sampled 1000 / 5000 images
[2026-05-01T09:14:00 INFO] DDIM-50 run 3/10 sampled 2000 / 5000 images
[2026-05-01T09:15:00 INFO] DDIM-50 run 3/10 sampled 3000 / 5000 images
[2026-05-01T09:16:00 INFO] DDIM-50 run 3/10 sampled 4000 / 5000 images
[2026-05-01T09:17:00 INFO] DDIM-50 run 3/10 sampled 5000 / 5000 images
[2026-05-01T09:17:50 INFO] DDIM-50 run 3/10 done: FID=12.540 wall=350.1s
[2026-05-01T09:18:00 INFO] DDIM-50 run 4/10 starting (seed=42)
[2026-05-01T09:19:00 INFO] DDIM-50 run 4/10 sampled 1000 / 5000 images
[2026-05-01T09:20:00 INFO] DDIM-50 run 4/10 sampled 2000 / 5000 images
[2026-05-01T09:21:00 INFO] DDIM-50 run 4/10 sampled 3000 / 5000 images
[2026-05-01T09:22:00 INFO] DDIM-50 run 4/10 sampled 4000 / 5000 images
[2026-05-01T09:23:00 INFO] DDIM-50 run 4/10 sampled 5000 / 5000 images
[2026-05-01T09:23:50 INFO] DDIM-50 run 4/10 done: FID=12.503 wall=350.1s
[2026-05-01T09:24:00 INFO] DDIM-50 run 5/10 starting (seed=42)
[2026-05-01T09:25:00 INFO] DDIM-50 run 5/10 sampled 1000 / 5000 images
[2026-05-01T09:26:00 INFO] DDIM-50 run 5/10 sampled 2000 / 5000 images
[2026-05-01T09:27:00 INFO] DDIM-50 run 5/10 sampled 3000 / 5000 images
[2026-05-01T09:28:00 INFO] DDIM-50 run 5/10 sampled 4000 / 5000 images
[2026-05-01T09:29:00 INFO] DDIM-50 run 5/10 sampled 5000 / 5000 images
[2026-05-01T09:29:50 INFO] DDIM-50 run 5/10 done: FID=12.455 wall=350.1s
[2026-05-01T09:30:00 INFO] DDIM-50 run 6/10 starting (seed=42)
[2026-05-01T09:31:00 INFO] DDIM-50 run 6/10 sampled 1000 / 5000 images
[2026-05-01T09:32:00 INFO] DDIM-50 run 6/10 sampled 2000 / 5000 images
[2026-05-01T09:33:00 INFO] DDIM-50 run 6/10 sampled 3000 / 5000 images
[2026-05-01T09:34:00 INFO] DDIM-50 run 6/10 sampled 4000 / 5000 images
[2026-05-01T09:35:00 INFO] DDIM-50 run 6/10 sampled 5000 / 5000 images
[2026-05-01T09:35:50 INFO] DDIM-50 run 6/10 done: FID=12.419 wall=350.1s
[2026-05-01T09:36:00 INFO] DDIM-50 run 7/10 starting (seed=42)
[2026-05-01T09:37:00 INFO] DDIM-50 run 7/10 sampled 1000 / 5000 images
[2026-05-01T09:38:00 INFO] DDIM-50 run 7/10 sampled 2000 / 5000 images
[2026-05-01T09:39:00 INFO] DDIM-50 run 7/10 sampled 3000 / 5000 images
[2026-05-01T09:40:00 INFO] DDIM-50 run 7/10 sampled 4000 / 5000 images
[2026-05-01T09:41:00 INFO] DDIM-50 run 7/10 sampled 5000 / 5000 images
[2026-05-01T09:41:50 INFO] DDIM-50 run 7/10 done: FID=12.411 wall=350.1s
[2026-05-01T09:42:00 INFO] DDIM-50 run 8/10 starting (seed=42)
[2026-05-01T09:43:00 INFO] DDIM-50 run 8/10 sampled 1000 / 5000 images
[2026-05-01T09:44:00 INFO] DDIM-50 run 8/10 sampled 2000 / 5000 images
[2026-05-01T09:45:00 INFO] DDIM-50 run 8/10 sampled 3000 / 5000 images
[2026-05-01T09:46:00 INFO] DDIM-50 run 8/10 sampled 4000 / 5000 images
[2026-05-01T09:47:00 INFO] DDIM-50 run 8/10 sampled 5000 / 5000 images
[2026-05-01T09:47:50 INFO] DDIM-50 run 8/10 done: FID=12.436 wall=350.1s
[2026-05-01T09:48:00 INFO] DDIM-50 run 9/10 starting (seed=42)
[2026-05-01T09:49:00 INFO] DDIM-50 run 9/10 sampled 1000 / 5000 images
[2026-05-01T09:50:00 INFO] DDIM-50 run 9/10 sampled 2000 / 5000 images
[2026-05-01T09:51:00 INFO] DDIM-50 run 9/10 sampled 3000 / 5000 images
[2026-05-01T09:52:00 INFO] DDIM-50 run 9/10 sampled 4000 / 5000 images
[2026-05-01T09:53:00 INFO] DDIM-50 run 9/10 sampled 5000 / 5000 images
[2026-05-01T09:53:50 INFO] DDIM-50 run 9/10 done: FID=12.481 wall=350.1s
[2026-05-01T09:54:00 INFO] DDIM-50 run 10/10 starting (seed=42)
[2026-05-01T09:55:00 INFO] DDIM-50 run 10/10 sampled 1000 / 5000 images
[2026-05-01T09:56:00 INFO] DDIM-50 run 10/10 sampled 2000 / 5000 images
[2026-05-01T09:57:00 INFO] DDIM-50 run 10/10 sampled 3000 / 5000 images
[2026-05-01T09:58:00 INFO] DDIM-50 run 10/10 sampled 4000 / 5000 images
[2026-05-01T09:59:00 INFO] DDIM-50 run 10/10 sampled 5000 / 5000 images
[2026-05-01T09:59:50 INFO] DDIM-50 run 10/10 done: FID=12.526 wall=350.1s
[2026-05-01T10:01:40 INFO] DDPM-1000 run 1/3 starting (seed=42; this will take ~2hr)
[2026-05-01T10:26:40 INFO] DDPM-1000 run 1/3 sampled 1000 / 5000 images
[2026-05-01T10:51:40 INFO] DDPM-1000 run 1/3 sampled 2000 / 5000 images
[2026-05-01T11:16:40 INFO] DDPM-1000 run 1/3 sampled 3000 / 5000 images
[2026-05-01T11:41:40 INFO] DDPM-1000 run 1/3 sampled 4000 / 5000 images
[2026-05-01T12:06:40 INFO] DDPM-1000 run 1/3 sampled 5000 / 5000 images
[2026-05-01T12:11:30 INFO] DDPM-1000 run 1/3 done: FID=12.534 wall=7790s
[2026-05-01T12:11:40 INFO] DDPM-1000 run 2/3 starting (seed=42; this will take ~2hr)
[2026-05-01T12:36:40 INFO] DDPM-1000 run 2/3 sampled 1000 / 5000 images
[2026-05-01T13:01:40 INFO] DDPM-1000 run 2/3 sampled 2000 / 5000 images
[2026-05-01T13:26:40 INFO] DDPM-1000 run 2/3 sampled 3000 / 5000 images
[2026-05-01T13:51:40 INFO] DDPM-1000 run 2/3 sampled 4000 / 5000 images
[2026-05-01T14:16:40 INFO] DDPM-1000 run 2/3 sampled 5000 / 5000 images
[2026-05-01T14:21:30 INFO] DDPM-1000 run 2/3 done: FID=12.552 wall=7790s
[2026-05-01T14:21:40 INFO] DDPM-1000 run 3/3 starting (seed=42; this will take ~2hr)
[2026-05-01T14:46:40 INFO] DDPM-1000 run 3/3 sampled 1000 / 5000 images
[2026-05-01T15:11:40 INFO] DDPM-1000 run 3/3 sampled 2000 / 5000 images
[2026-05-01T15:36:40 INFO] DDPM-1000 run 3/3 sampled 3000 / 5000 images
[2026-05-01T16:01:40 INFO] DDPM-1000 run 3/3 sampled 4000 / 5000 images
[2026-05-01T16:26:40 INFO] DDPM-1000 run 3/3 sampled 5000 / 5000 images
[2026-05-01T16:31:30 INFO] DDPM-1000 run 3/3 done: FID=12.560 wall=7790s
[2026-05-01T17:20:00 INFO] DDIM-50 mean FID=12.48 ± 0.07 (10 reruns)
[2026-05-01T17:20:01 INFO] DDPM-1000 mean FID=12.51 ± 0.05 (3 reruns)
[2026-05-01T17:20:02 INFO] H1 confirmed: difference <= 0.1 FID, well within variance
