[2026-05-03T08:05:00 INFO] step=1k baseline_loss=0.1014 edm2_loss=0.0984
[2026-05-03T08:05:50 INFO] step=2k baseline_loss=0.1008 edm2_loss=0.0978
[2026-05-03T08:06:40 INFO] step=3k baseline_loss=0.1003 edm2_loss=0.0973
[2026-05-03T08:07:30 INFO] step=4k baseline_loss=0.0998 edm2_loss=0.0968
[2026-05-03T08:08:20 INFO] step=5k baseline_loss=0.0992 edm2_loss=0.0962
[2026-05-03T08:09:10 INFO] step=6k baseline_loss=0.0987 edm2_loss=0.0957
[2026-05-03T08:10:00 INFO] step=7k baseline_loss=0.0983 edm2_loss=0.0953
[2026-05-03T08:10:50 INFO] step=8k baseline_loss=0.0978 edm2_loss=0.0948
[2026-05-03T08:11:40 INFO] step=9k baseline_loss=0.0973 edm2_loss=0.0943
[2026-05-03T08:12:30 INFO] step=10k baseline_loss=0.0969 edm2_loss=0.0939
[2026-05-03T08:13:20 INFO] step=11k baseline_loss=0.0965 edm2_loss=0.0935
[2026-05-03T08:14:10 INFO] step=12k baseline_loss=0.0961 edm2_loss=0.0931
[2026-05-03T08:15:00 INFO] step=13k baseline_loss=0.0957 edm2_loss=0.0927
[2026-05-03T08:15:50 INFO] step=14k baseline_loss=0.0953 edm2_loss=0.0923
[2026-05-03T08:16:40 INFO] step=15k baseline_loss=0.0949 edm2_loss=0.0919
[2026-05-03T08:17:30 INFO] step=16k baseline_loss=0.0946 edm2_loss=0.0916
[2026-05-03T08:18:20 INFO] step=17k baseline_loss=0.0942 edm2_loss=0.0912
[2026-05-03T08:19:10 INFO] step=18k baseline_loss=0.0939 edm2_loss=0.0909
[2026-05-03T08:20:00 INFO] step=19k baseline_loss=0.0936 edm2_loss=0.0906
[2026-05-03T08:20:50 INFO] step=20k baseline_loss=0.0932 edm2_loss=0.0902
[2026-05-03T08:21:40 INFO] step=21k baseline_loss=0.0929 edm2_loss=0.0899
[2026-05-03T08:22:30 INFO] step=22k baseline_loss=0.0926 edm2_loss=0.0896
[2026-05-03T08:23:20 INFO] step=23k baseline_loss=0.0924 edm2_loss=0.0894
[2026-05-03T08:24:10 INFO] step=24k baseline_loss=0.0921 edm2_loss=0.0891
[2026-05-03T08:25:00 EVAL] step=25k baseline_fid=9.275 edm2_fid=9.075 delta=0.200
[2026-05-03T08:25:50 INFO] step=26k baseline_loss=0.0916 edm2_loss=0.0886
[2026-05-03T08:26:40 INFO] step=27k baseline_loss=0.0913 edm2_loss=0.0883
[2026-05-03T08:27:30 INFO] step=28k baseline_loss=0.0911 edm2_loss=0.0881
[2026-05-03T08:28:20 INFO] step=29k baseline_loss=0.0908 edm2_loss=0.0878
[2026-05-03T08:29:10 INFO] step=30k baseline_loss=0.0906 edm2_loss=0.0876
[2026-05-03T08:30:00 INFO] step=31k baseline_loss=0.0904 edm2_loss=0.0874
[2026-05-03T08:30:50 INFO] step=32k baseline_loss=0.0902 edm2_loss=0.0872
[2026-05-03T08:31:40 INFO] step=33k baseline_loss=0.0900 edm2_loss=0.0870
[2026-05-03T08:32:30 INFO] step=34k baseline_loss=0.0898 edm2_loss=0.0868
[2026-05-03T08:33:20 INFO] step=35k baseline_loss=0.0896 edm2_loss=0.0866
[2026-05-03T08:34:10 INFO] step=36k baseline_loss=0.0894 edm2_loss=0.0864
[2026-05-03T08:35:00 INFO] step=37k baseline_loss=0.0892 edm2_loss=0.0862
[2026-05-03T08:35:50 INFO] step=38k baseline_loss=0.0891 edm2_loss=0.0861
[2026-05-03T08:36:40 INFO] step=39k baseline_loss=0.0889 edm2_loss=0.0859
[2026-05-03T08:37:30 INFO] step=40k baseline_loss=0.0887 edm2_loss=0.0857
[2026-05-03T08:38:20 INFO] step=41k baseline_loss=0.0886 edm2_loss=0.0856
[2026-05-03T08:39:10 INFO] step=42k baseline_loss=0.0884 edm2_loss=0.0854
[2026-05-03T08:40:00 INFO] step=43k baseline_loss=0.0883 edm2_loss=0.0853
[2026-05-03T08:40:50 INFO] step=44k baseline_loss=0.0882 edm2_loss=0.0852
[2026-05-03T08:41:40 INFO] step=45k baseline_loss=0.0880 edm2_loss=0.0850
[2026-05-03T08:42:30 INFO] step=46k baseline_loss=0.0879 edm2_loss=0.0849
[2026-05-03T08:43:20 INFO] step=47k baseline_loss=0.0878 edm2_loss=0.0848
[2026-05-03T08:44:10 INFO] step=48k baseline_loss=0.0876 edm2_loss=0.0846
[2026-05-03T08:45:00 INFO] step=49k baseline_loss=0.0875 edm2_loss=0.0845
[2026-05-03T08:45:50 EVAL] step=50k baseline_fid=9.150 edm2_fid=8.950 delta=0.200
[2026-05-03T08:46:40 INFO] step=51k baseline_loss=0.0873 edm2_loss=0.0843
[2026-05-03T08:47:30 INFO] step=52k baseline_loss=0.0872 edm2_loss=0.0842
[2026-05-03T08:48:20 INFO] step=53k baseline_loss=0.0871 edm2_loss=0.0841
[2026-05-03T08:49:10 INFO] step=54k baseline_loss=0.0870 edm2_loss=0.0840
[2026-05-03T08:50:00 INFO] step=55k baseline_loss=0.0869 edm2_loss=0.0839
[2026-05-03T08:50:50 INFO] step=56k baseline_loss=0.0868 edm2_loss=0.0838
[2026-05-03T08:51:40 INFO] step=57k baseline_loss=0.0867 edm2_loss=0.0837
[2026-05-03T08:52:30 INFO] step=58k baseline_loss=0.0866 edm2_loss=0.0836
[2026-05-03T08:53:20 INFO] step=59k baseline_loss=0.0865 edm2_loss=0.0835
[2026-05-03T08:54:10 INFO] step=60k baseline_loss=0.0864 edm2_loss=0.0834
[2026-05-03T08:55:00 INFO] step=61k baseline_loss=0.0864 edm2_loss=0.0834
[2026-05-03T08:55:50 INFO] step=62k baseline_loss=0.0863 edm2_loss=0.0833
[2026-05-03T08:56:40 INFO] step=63k baseline_loss=0.0862 edm2_loss=0.0832
[2026-05-03T08:57:30 INFO] step=64k baseline_loss=0.0861 edm2_loss=0.0831
[2026-05-03T08:58:20 INFO] step=65k baseline_loss=0.0861 edm2_loss=0.0831
[2026-05-03T08:59:10 INFO] step=66k baseline_loss=0.0860 edm2_loss=0.0830
[2026-05-03T09:00:00 INFO] step=67k baseline_loss=0.0859 edm2_loss=0.0829
[2026-05-03T09:00:50 INFO] step=68k baseline_loss=0.0859 edm2_loss=0.0829
[2026-05-03T09:01:40 INFO] step=69k baseline_loss=0.0858 edm2_loss=0.0828
[2026-05-03T09:02:30 INFO] step=70k baseline_loss=0.0857 edm2_loss=0.0827
[2026-05-03T09:03:20 INFO] step=71k baseline_loss=0.0857 edm2_loss=0.0827
[2026-05-03T09:04:10 INFO] step=72k baseline_loss=0.0856 edm2_loss=0.0826
[2026-05-03T09:05:00 INFO] step=73k baseline_loss=0.0856 edm2_loss=0.0826
[2026-05-03T09:05:50 INFO] step=74k baseline_loss=0.0855 edm2_loss=0.0825
[2026-05-03T09:06:40 EVAL] step=75k baseline_fid=9.025 edm2_fid=8.825 delta=0.200
[2026-05-03T09:07:30 INFO] step=76k baseline_loss=0.0854 edm2_loss=0.0824
[2026-05-03T09:08:20 INFO] step=77k baseline_loss=0.0854 edm2_loss=0.0824
[2026-05-03T09:09:10 INFO] step=78k baseline_loss=0.0853 edm2_loss=0.0823
[2026-05-03T09:10:00 INFO] step=79k baseline_loss=0.0853 edm2_loss=0.0823
[2026-05-03T09:10:50 INFO] step=80k baseline_loss=0.0853 edm2_loss=0.0823
[2026-05-03T09:11:40 INFO] step=81k baseline_loss=0.0852 edm2_loss=0.0822
[2026-05-03T09:12:30 INFO] step=82k baseline_loss=0.0852 edm2_loss=0.0822
[2026-05-03T09:13:20 INFO] step=83k baseline_loss=0.0851 edm2_loss=0.0821
[2026-05-03T09:14:11 ERROR] step=84k NaN detected in cross_attn.out (edm2 branch)
[2026-05-03T09:14:12 INFO] flushing checkpoint at step 80k before exit
[2026-05-03T09:14:13 FATAL] training aborted, see logs/stderr.log for traceback
