[2026-04-30T16:05:00 INFO] === sweep run 1/5 starting: gamma=1 ===
[2026-04-30T16:06:10 INFO] gamma=1 step=500 train_loss=0.2054
[2026-04-30T16:07:20 INFO] gamma=1 step=1000 train_loss=0.2052
[2026-04-30T16:08:30 INFO] gamma=1 step=1500 train_loss=0.2040
[2026-04-30T16:09:40 INFO] gamma=1 step=2000 train_loss=0.2015
[2026-04-30T16:10:50 INFO] gamma=1 step=2500 train_loss=0.1980
[2026-04-30T16:12:00 INFO] gamma=1 step=3000 train_loss=0.1937
[2026-04-30T16:13:10 INFO] gamma=1 step=3500 train_loss=0.1892
[2026-04-30T16:14:20 INFO] gamma=1 step=4000 train_loss=0.1852
[2026-04-30T16:15:30 INFO] gamma=1 step=4500 train_loss=0.1821
[2026-04-30T16:16:40 VAL ] gamma=1 step=5000 val_loss=0.1752
[2026-04-30T16:17:50 INFO] gamma=1 step=5500 train_loss=0.1795
[2026-04-30T16:19:00 INFO] gamma=1 step=6000 train_loss=0.1796
[2026-04-30T16:20:10 INFO] gamma=1 step=6500 train_loss=0.1801
[2026-04-30T16:21:20 INFO] gamma=1 step=7000 train_loss=0.1803
[2026-04-30T16:22:30 INFO] gamma=1 step=7500 train_loss=0.1797
[2026-04-30T16:23:40 INFO] gamma=1 step=8000 train_loss=0.1779
[2026-04-30T16:24:50 INFO] gamma=1 step=8500 train_loss=0.1750
[2026-04-30T16:26:00 INFO] gamma=1 step=9000 train_loss=0.1711
[2026-04-30T16:27:10 INFO] gamma=1 step=9500 train_loss=0.1666
[2026-04-30T16:28:20 VAL ] gamma=1 step=10000 val_loss=0.1573
[2026-04-30T16:29:30 INFO] gamma=1 step=10500 train_loss=0.1586
[2026-04-30T16:30:40 INFO] gamma=1 step=11000 train_loss=0.1560
[2026-04-30T16:31:50 INFO] gamma=1 step=11500 train_loss=0.1546
[2026-04-30T16:33:00 INFO] gamma=1 step=12000 train_loss=0.1543
[2026-04-30T16:34:10 INFO] gamma=1 step=12500 train_loss=0.1547
[2026-04-30T16:35:20 INFO] gamma=1 step=13000 train_loss=0.1551
[2026-04-30T16:36:30 INFO] gamma=1 step=13500 train_loss=0.1550
[2026-04-30T16:37:40 INFO] gamma=1 step=14000 train_loss=0.1540
[2026-04-30T16:38:50 INFO] gamma=1 step=14500 train_loss=0.1517
[2026-04-30T16:40:00 VAL ] gamma=1 step=15000 val_loss=0.1433
[2026-04-30T16:41:10 INFO] gamma=1 step=15500 train_loss=0.1440
[2026-04-30T16:42:20 INFO] gamma=1 step=16000 train_loss=0.1396
[2026-04-30T16:43:30 INFO] gamma=1 step=16500 train_loss=0.1354
[2026-04-30T16:44:40 INFO] gamma=1 step=17000 train_loss=0.1322
[2026-04-30T16:45:50 INFO] gamma=1 step=17500 train_loss=0.1301
[2026-04-30T16:47:00 INFO] gamma=1 step=18000 train_loss=0.1292
[2026-04-30T16:48:10 INFO] gamma=1 step=18500 train_loss=0.1293
[2026-04-30T16:49:20 INFO] gamma=1 step=19000 train_loss=0.1297
[2026-04-30T16:50:30 INFO] gamma=1 step=19500 train_loss=0.1300
[2026-04-30T16:51:40 VAL ] gamma=1 step=20000 val_loss=0.1246
[2026-04-30T16:52:50 INFO] gamma=1 step=20500 train_loss=0.1280
[2026-04-30T16:54:00 INFO] gamma=1 step=21000 train_loss=0.1252
[2026-04-30T16:55:10 INFO] gamma=1 step=21500 train_loss=0.1214
[2026-04-30T16:56:20 INFO] gamma=1 step=22000 train_loss=0.1170
[2026-04-30T16:57:30 INFO] gamma=1 step=22500 train_loss=0.1126
[2026-04-30T16:58:40 INFO] gamma=1 step=23000 train_loss=0.1088
[2026-04-30T16:59:50 INFO] gamma=1 step=23500 train_loss=0.1060
[2026-04-30T17:01:00 INFO] gamma=1 step=24000 train_loss=0.1045
[2026-04-30T17:02:10 INFO] gamma=1 step=24500 train_loss=0.1040
[2026-04-30T17:03:20 VAL ] gamma=1 step=25000 val_loss=0.0993
[2026-04-30T17:04:30 INFO] gamma=1 step=25500 train_loss=0.1048
[2026-04-30T17:05:40 INFO] gamma=1 step=26000 train_loss=0.1048
[2026-04-30T17:06:50 INFO] gamma=1 step=26500 train_loss=0.1039
[2026-04-30T17:08:00 INFO] gamma=1 step=27000 train_loss=0.1018
[2026-04-30T17:09:10 INFO] gamma=1 step=27500 train_loss=0.0985
[2026-04-30T17:10:20 INFO] gamma=1 step=28000 train_loss=0.0944
[2026-04-30T17:11:30 INFO] gamma=1 step=28500 train_loss=0.0899
[2026-04-30T17:12:40 INFO] gamma=1 step=29000 train_loss=0.0857
[2026-04-30T17:13:50 INFO] gamma=1 step=29500 train_loss=0.0823
[2026-04-30T17:15:00 VAL ] gamma=1 step=30000 val_loss=0.0751
[2026-04-30T17:18:19 INFO] === run 1 done: FID=9.41 HF-band=0.187 ===
[2026-04-30T17:18:20 INFO] === sweep run 2/5 starting: gamma=3 ===
[2026-04-30T17:19:30 INFO] gamma=3 step=500 train_loss=0.1949
[2026-04-30T17:20:40 INFO] gamma=3 step=1000 train_loss=0.1944
[2026-04-30T17:21:50 INFO] gamma=3 step=1500 train_loss=0.1930
[2026-04-30T17:23:00 INFO] gamma=3 step=2000 train_loss=0.1906
[2026-04-30T17:24:10 INFO] gamma=3 step=2500 train_loss=0.1874
[2026-04-30T17:25:20 INFO] gamma=3 step=3000 train_loss=0.1836
[2026-04-30T17:26:30 INFO] gamma=3 step=3500 train_loss=0.1796
[2026-04-30T17:27:40 INFO] gamma=3 step=4000 train_loss=0.1760
[2026-04-30T17:28:50 INFO] gamma=3 step=4500 train_loss=0.1731
[2026-04-30T17:30:00 VAL ] gamma=3 step=5000 val_loss=0.1662
[2026-04-30T17:31:10 INFO] gamma=3 step=5500 train_loss=0.1702
[2026-04-30T17:32:20 INFO] gamma=3 step=6000 train_loss=0.1699
[2026-04-30T17:33:30 INFO] gamma=3 step=6500 train_loss=0.1699
[2026-04-30T17:34:40 INFO] gamma=3 step=7000 train_loss=0.1696
[2026-04-30T17:35:50 INFO] gamma=3 step=7500 train_loss=0.1688
[2026-04-30T17:37:00 INFO] gamma=3 step=8000 train_loss=0.1670
[2026-04-30T17:38:10 INFO] gamma=3 step=8500 train_loss=0.1642
[2026-04-30T17:39:20 INFO] gamma=3 step=9000 train_loss=0.1606
[2026-04-30T17:40:30 INFO] gamma=3 step=9500 train_loss=0.1567
[2026-04-30T17:41:40 VAL ] gamma=3 step=10000 val_loss=0.1478
[2026-04-30T17:42:50 INFO] gamma=3 step=10500 train_loss=0.1495
[2026-04-30T17:44:00 INFO] gamma=3 step=11000 train_loss=0.1470
[2026-04-30T17:45:10 INFO] gamma=3 step=11500 train_loss=0.1455
[2026-04-30T17:46:20 INFO] gamma=3 step=12000 train_loss=0.1449
[2026-04-30T17:47:30 INFO] gamma=3 step=12500 train_loss=0.1447
[2026-04-30T17:48:40 INFO] gamma=3 step=13000 train_loss=0.1447
[2026-04-30T17:49:50 INFO] gamma=3 step=13500 train_loss=0.1442
[2026-04-30T17:51:00 INFO] gamma=3 step=14000 train_loss=0.1430
[2026-04-30T17:52:10 INFO] gamma=3 step=14500 train_loss=0.1407
[2026-04-30T17:53:20 VAL ] gamma=3 step=15000 val_loss=0.1326
[2026-04-30T17:54:30 INFO] gamma=3 step=15500 train_loss=0.1338
[2026-04-30T17:55:40 INFO] gamma=3 step=16000 train_loss=0.1298
[2026-04-30T17:56:50 INFO] gamma=3 step=16500 train_loss=0.1262
[2026-04-30T17:58:00 INFO] gamma=3 step=17000 train_loss=0.1232
[2026-04-30T17:59:10 INFO] gamma=3 step=17500 train_loss=0.1211
[2026-04-30T18:00:20 INFO] gamma=3 step=18000 train_loss=0.1200
[2026-04-30T18:01:30 INFO] gamma=3 step=18500 train_loss=0.1196
[2026-04-30T18:02:40 INFO] gamma=3 step=19000 train_loss=0.1196
[2026-04-30T18:03:50 INFO] gamma=3 step=19500 train_loss=0.1194
[2026-04-30T18:05:00 VAL ] gamma=3 step=20000 val_loss=0.1137
[2026-04-30T18:06:10 INFO] gamma=3 step=20500 train_loss=0.1170
[2026-04-30T18:07:20 INFO] gamma=3 step=21000 train_loss=0.1143
[2026-04-30T18:08:30 INFO] gamma=3 step=21500 train_loss=0.1109
[2026-04-30T18:09:40 INFO] gamma=3 step=22000 train_loss=0.1070
[2026-04-30T18:10:50 INFO] gamma=3 step=22500 train_loss=0.1031
[2026-04-30T18:12:00 INFO] gamma=3 step=23000 train_loss=0.0996
[2026-04-30T18:13:10 INFO] gamma=3 step=23500 train_loss=0.0970
[2026-04-30T18:14:20 INFO] gamma=3 step=24000 train_loss=0.0954
[2026-04-30T18:15:30 INFO] gamma=3 step=24500 train_loss=0.0946
[2026-04-30T18:16:40 VAL ] gamma=3 step=25000 val_loss=0.0895
[2026-04-30T18:17:50 INFO] gamma=3 step=25500 train_loss=0.0944
[2026-04-30T18:19:00 INFO] gamma=3 step=26000 train_loss=0.0941
[2026-04-30T18:20:10 INFO] gamma=3 step=26500 train_loss=0.0929
[2026-04-30T18:21:20 INFO] gamma=3 step=27000 train_loss=0.0908
[2026-04-30T18:22:30 INFO] gamma=3 step=27500 train_loss=0.0878
[2026-04-30T18:23:40 INFO] gamma=3 step=28000 train_loss=0.0841
[2026-04-30T18:24:50 INFO] gamma=3 step=28500 train_loss=0.0801
[2026-04-30T18:26:00 INFO] gamma=3 step=29000 train_loss=0.0763
[2026-04-30T18:27:10 INFO] gamma=3 step=29500 train_loss=0.0732
[2026-04-30T18:28:20 VAL ] gamma=3 step=30000 val_loss=0.0660
[2026-04-30T18:31:39 INFO] === run 2 done: FID=9.22 HF-band=0.155 ===
[2026-04-30T18:31:40 INFO] === sweep run 3/5 starting: gamma=5 ===
[2026-04-30T18:32:50 INFO] gamma=5 step=500 train_loss=0.1894
[2026-04-30T18:34:00 INFO] gamma=5 step=1000 train_loss=0.1885
[2026-04-30T18:35:10 INFO] gamma=5 step=1500 train_loss=0.1870
[2026-04-30T18:36:20 INFO] gamma=5 step=2000 train_loss=0.1847
[2026-04-30T18:37:30 INFO] gamma=5 step=2500 train_loss=0.1818
[2026-04-30T18:38:40 INFO] gamma=5 step=3000 train_loss=0.1784
[2026-04-30T18:39:50 INFO] gamma=5 step=3500 train_loss=0.1749
[2026-04-30T18:41:00 INFO] gamma=5 step=4000 train_loss=0.1717
[2026-04-30T18:42:10 INFO] gamma=5 step=4500 train_loss=0.1691
[2026-04-30T18:43:20 VAL ] gamma=5 step=5000 val_loss=0.1621
[2026-04-30T18:44:30 INFO] gamma=5 step=5500 train_loss=0.1659
[2026-04-30T18:45:40 INFO] gamma=5 step=6000 train_loss=0.1652
[2026-04-30T18:46:50 INFO] gamma=5 step=6500 train_loss=0.1646
[2026-04-30T18:48:00 INFO] gamma=5 step=7000 train_loss=0.1640
[2026-04-30T18:49:10 INFO] gamma=5 step=7500 train_loss=0.1628
[2026-04-30T18:50:20 INFO] gamma=5 step=8000 train_loss=0.1610
[2026-04-30T18:51:30 INFO] gamma=5 step=8500 train_loss=0.1584
[2026-04-30T18:52:40 INFO] gamma=5 step=9000 train_loss=0.1552
[2026-04-30T18:53:50 INFO] gamma=5 step=9500 train_loss=0.1518
[2026-04-30T18:55:00 VAL ] gamma=5 step=10000 val_loss=0.1434
[2026-04-30T18:56:10 INFO] gamma=5 step=10500 train_loss=0.1454
[2026-04-30T18:57:20 INFO] gamma=5 step=11000 train_loss=0.1430
[2026-04-30T18:58:30 INFO] gamma=5 step=11500 train_loss=0.1414
[2026-04-30T18:59:40 INFO] gamma=5 step=12000 train_loss=0.1404
[2026-04-30T19:00:50 INFO] gamma=5 step=12500 train_loss=0.1398
[2026-04-30T19:02:00 INFO] gamma=5 step=13000 train_loss=0.1393
[2026-04-30T19:03:10 INFO] gamma=5 step=13500 train_loss=0.1384
[2026-04-30T19:04:20 INFO] gamma=5 step=14000 train_loss=0.1370
[2026-04-30T19:05:30 INFO] gamma=5 step=14500 train_loss=0.1348
[2026-04-30T19:06:40 VAL ] gamma=5 step=15000 val_loss=0.1270
[2026-04-30T19:07:50 INFO] gamma=5 step=15500 train_loss=0.1286
[2026-04-30T19:09:00 INFO] gamma=5 step=16000 train_loss=0.1251
[2026-04-30T19:10:10 INFO] gamma=5 step=16500 train_loss=0.1219
[2026-04-30T19:11:20 INFO] gamma=5 step=17000 train_loss=0.1191
[2026-04-30T19:12:30 INFO] gamma=5 step=17500 train_loss=0.1171
[2026-04-30T19:13:40 INFO] gamma=5 step=18000 train_loss=0.1157
[2026-04-30T19:14:50 INFO] gamma=5 step=18500 train_loss=0.1150
[2026-04-30T19:16:00 INFO] gamma=5 step=19000 train_loss=0.1144
[2026-04-30T19:17:10 INFO] gamma=5 step=19500 train_loss=0.1138
[2026-04-30T19:18:20 VAL ] gamma=5 step=20000 val_loss=0.1077
[2026-04-30T19:19:30 INFO] gamma=5 step=20500 train_loss=0.1110
[2026-04-30T19:20:40 INFO] gamma=5 step=21000 train_loss=0.1085
[2026-04-30T19:21:50 INFO] gamma=5 step=21500 train_loss=0.1054
[2026-04-30T19:23:00 INFO] gamma=5 step=22000 train_loss=0.1020
[2026-04-30T19:24:10 INFO] gamma=5 step=22500 train_loss=0.0985
[2026-04-30T19:25:20 INFO] gamma=5 step=23000 train_loss=0.0955
[2026-04-30T19:26:30 INFO] gamma=5 step=23500 train_loss=0.0930
[2026-04-30T19:27:40 INFO] gamma=5 step=24000 train_loss=0.0913
[2026-04-30T19:28:50 INFO] gamma=5 step=24500 train_loss=0.0902
[2026-04-30T19:30:00 VAL ] gamma=5 step=25000 val_loss=0.0846
[2026-04-30T19:31:10 INFO] gamma=5 step=25500 train_loss=0.0891
[2026-04-30T19:32:20 INFO] gamma=5 step=26000 train_loss=0.0883
[2026-04-30T19:33:30 INFO] gamma=5 step=26500 train_loss=0.0869
[2026-04-30T19:34:40 INFO] gamma=5 step=27000 train_loss=0.0849
[2026-04-30T19:35:50 INFO] gamma=5 step=27500 train_loss=0.0821
[2026-04-30T19:37:00 INFO] gamma=5 step=28000 train_loss=0.0788
[2026-04-30T19:38:10 INFO] gamma=5 step=28500 train_loss=0.0753
[2026-04-30T19:39:20 INFO] gamma=5 step=29000 train_loss=0.0720
[2026-04-30T19:40:30 INFO] gamma=5 step=29500 train_loss=0.0692
[2026-04-30T19:41:40 VAL ] gamma=5 step=30000 val_loss=0.0620
[2026-04-30T19:44:59 INFO] === run 3 done: FID=9.18 HF-band=0.144 ===
[2026-04-30T19:45:00 INFO] === sweep run 4/5 starting: gamma=7 ===
[2026-04-30T19:46:10 INFO] gamma=7 step=500 train_loss=0.1919
[2026-04-30T19:47:20 INFO] gamma=7 step=1000 train_loss=0.1914
[2026-04-30T19:48:30 INFO] gamma=7 step=1500 train_loss=0.1900
[2026-04-30T19:49:40 INFO] gamma=7 step=2000 train_loss=0.1876
[2026-04-30T19:50:50 INFO] gamma=7 step=2500 train_loss=0.1844
[2026-04-30T19:52:00 INFO] gamma=7 step=3000 train_loss=0.1806
[2026-04-30T19:53:10 INFO] gamma=7 step=3500 train_loss=0.1766
[2026-04-30T19:54:20 INFO] gamma=7 step=4000 train_loss=0.1730
[2026-04-30T19:55:30 INFO] gamma=7 step=4500 train_loss=0.1701
[2026-04-30T19:56:40 VAL ] gamma=7 step=5000 val_loss=0.1632
[2026-04-30T19:57:50 INFO] gamma=7 step=5500 train_loss=0.1672
[2026-04-30T19:59:00 INFO] gamma=7 step=6000 train_loss=0.1669
[2026-04-30T20:00:10 INFO] gamma=7 step=6500 train_loss=0.1669
[2026-04-30T20:01:20 INFO] gamma=7 step=7000 train_loss=0.1666
[2026-04-30T20:02:30 INFO] gamma=7 step=7500 train_loss=0.1658
[2026-04-30T20:03:40 INFO] gamma=7 step=8000 train_loss=0.1640
[2026-04-30T20:04:50 INFO] gamma=7 step=8500 train_loss=0.1612
[2026-04-30T20:06:00 INFO] gamma=7 step=9000 train_loss=0.1576
[2026-04-30T20:07:10 INFO] gamma=7 step=9500 train_loss=0.1537
[2026-04-30T20:08:20 VAL ] gamma=7 step=10000 val_loss=0.1448
[2026-04-30T20:09:30 INFO] gamma=7 step=10500 train_loss=0.1465
[2026-04-30T20:10:40 INFO] gamma=7 step=11000 train_loss=0.1440
[2026-04-30T20:11:50 INFO] gamma=7 step=11500 train_loss=0.1425
[2026-04-30T20:13:00 INFO] gamma=7 step=12000 train_loss=0.1419
[2026-04-30T20:14:10 INFO] gamma=7 step=12500 train_loss=0.1417
[2026-04-30T20:15:20 INFO] gamma=7 step=13000 train_loss=0.1417
[2026-04-30T20:16:30 INFO] gamma=7 step=13500 train_loss=0.1412
[2026-04-30T20:17:40 INFO] gamma=7 step=14000 train_loss=0.1400
[2026-04-30T20:18:50 INFO] gamma=7 step=14500 train_loss=0.1377
[2026-04-30T20:20:00 VAL ] gamma=7 step=15000 val_loss=0.1296
[2026-04-30T20:21:10 INFO] gamma=7 step=15500 train_loss=0.1308
[2026-04-30T20:22:20 INFO] gamma=7 step=16000 train_loss=0.1268
[2026-04-30T20:23:30 INFO] gamma=7 step=16500 train_loss=0.1232
[2026-04-30T20:24:40 INFO] gamma=7 step=17000 train_loss=0.1202
[2026-04-30T20:25:50 INFO] gamma=7 step=17500 train_loss=0.1181
[2026-04-30T20:27:00 INFO] gamma=7 step=18000 train_loss=0.1170
[2026-04-30T20:28:10 INFO] gamma=7 step=18500 train_loss=0.1166
[2026-04-30T20:29:20 INFO] gamma=7 step=19000 train_loss=0.1166
[2026-04-30T20:30:30 INFO] gamma=7 step=19500 train_loss=0.1164
[2026-04-30T20:31:40 VAL ] gamma=7 step=20000 val_loss=0.1107
[2026-04-30T20:32:50 INFO] gamma=7 step=20500 train_loss=0.1140
[2026-04-30T20:34:00 INFO] gamma=7 step=21000 train_loss=0.1113
[2026-04-30T20:35:10 INFO] gamma=7 step=21500 train_loss=0.1079
[2026-04-30T20:36:20 INFO] gamma=7 step=22000 train_loss=0.1040
[2026-04-30T20:37:30 INFO] gamma=7 step=22500 train_loss=0.1001
[2026-04-30T20:38:40 INFO] gamma=7 step=23000 train_loss=0.0966
[2026-04-30T20:39:50 INFO] gamma=7 step=23500 train_loss=0.0940
[2026-04-30T20:41:00 INFO] gamma=7 step=24000 train_loss=0.0924
[2026-04-30T20:42:10 INFO] gamma=7 step=24500 train_loss=0.0916
[2026-04-30T20:43:20 VAL ] gamma=7 step=25000 val_loss=0.0865
[2026-04-30T20:44:30 INFO] gamma=7 step=25500 train_loss=0.0914
[2026-04-30T20:45:40 INFO] gamma=7 step=26000 train_loss=0.0911
[2026-04-30T20:46:50 INFO] gamma=7 step=26500 train_loss=0.0899
[2026-04-30T20:48:00 INFO] gamma=7 step=27000 train_loss=0.0878
[2026-04-30T20:49:10 INFO] gamma=7 step=27500 train_loss=0.0848
[2026-04-30T20:50:20 INFO] gamma=7 step=28000 train_loss=0.0811
[2026-04-30T20:51:30 INFO] gamma=7 step=28500 train_loss=0.0771
[2026-04-30T20:52:40 INFO] gamma=7 step=29000 train_loss=0.0733
[2026-04-30T20:53:50 INFO] gamma=7 step=29500 train_loss=0.0702
[2026-04-30T20:55:00 VAL ] gamma=7 step=30000 val_loss=0.0630
[2026-04-30T20:58:19 INFO] === run 4 done: FID=9.21 HF-band=0.149 ===
[2026-04-30T20:58:20 INFO] === sweep run 5/5 starting: gamma=10 ===
[2026-04-30T20:59:30 INFO] gamma=10 step=500 train_loss=0.2004
[2026-04-30T21:00:40 INFO] gamma=10 step=1000 train_loss=0.2002
[2026-04-30T21:01:50 INFO] gamma=10 step=1500 train_loss=0.1990
[2026-04-30T21:03:00 INFO] gamma=10 step=2000 train_loss=0.1965
[2026-04-30T21:04:10 INFO] gamma=10 step=2500 train_loss=0.1930
[2026-04-30T21:05:20 INFO] gamma=10 step=3000 train_loss=0.1887
[2026-04-30T21:06:30 INFO] gamma=10 step=3500 train_loss=0.1842
[2026-04-30T21:07:40 INFO] gamma=10 step=4000 train_loss=0.1802
[2026-04-30T21:08:50 INFO] gamma=10 step=4500 train_loss=0.1771
[2026-04-30T21:10:00 VAL ] gamma=10 step=5000 val_loss=0.1702
[2026-04-30T21:11:10 INFO] gamma=10 step=5500 train_loss=0.1745
[2026-04-30T21:12:20 INFO] gamma=10 step=6000 train_loss=0.1746
[2026-04-30T21:13:30 INFO] gamma=10 step=6500 train_loss=0.1751
[2026-04-30T21:14:40 INFO] gamma=10 step=7000 train_loss=0.1753
[2026-04-30T21:15:50 INFO] gamma=10 step=7500 train_loss=0.1747
[2026-04-30T21:17:00 INFO] gamma=10 step=8000 train_loss=0.1729
[2026-04-30T21:18:10 INFO] gamma=10 step=8500 train_loss=0.1700
[2026-04-30T21:19:20 INFO] gamma=10 step=9000 train_loss=0.1661
[2026-04-30T21:20:30 INFO] gamma=10 step=9500 train_loss=0.1616
[2026-04-30T21:21:40 VAL ] gamma=10 step=10000 val_loss=0.1523
[2026-04-30T21:22:50 INFO] gamma=10 step=10500 train_loss=0.1536
[2026-04-30T21:24:00 INFO] gamma=10 step=11000 train_loss=0.1510
[2026-04-30T21:25:10 INFO] gamma=10 step=11500 train_loss=0.1496
[2026-04-30T21:26:20 INFO] gamma=10 step=12000 train_loss=0.1493
[2026-04-30T21:27:30 INFO] gamma=10 step=12500 train_loss=0.1497
[2026-04-30T21:28:40 INFO] gamma=10 step=13000 train_loss=0.1501
[2026-04-30T21:29:50 INFO] gamma=10 step=13500 train_loss=0.1500
[2026-04-30T21:31:00 INFO] gamma=10 step=14000 train_loss=0.1490
[2026-04-30T21:32:10 INFO] gamma=10 step=14500 train_loss=0.1467
[2026-04-30T21:33:20 VAL ] gamma=10 step=15000 val_loss=0.1383
[2026-04-30T21:34:30 INFO] gamma=10 step=15500 train_loss=0.1390
[2026-04-30T21:35:40 INFO] gamma=10 step=16000 train_loss=0.1346
[2026-04-30T21:36:50 INFO] gamma=10 step=16500 train_loss=0.1304
[2026-04-30T21:38:00 INFO] gamma=10 step=17000 train_loss=0.1272
[2026-04-30T21:39:10 INFO] gamma=10 step=17500 train_loss=0.1251
[2026-04-30T21:40:20 INFO] gamma=10 step=18000 train_loss=0.1242
[2026-04-30T21:41:30 INFO] gamma=10 step=18500 train_loss=0.1243
[2026-04-30T21:42:40 INFO] gamma=10 step=19000 train_loss=0.1247
[2026-04-30T21:43:50 INFO] gamma=10 step=19500 train_loss=0.1250
[2026-04-30T21:45:00 VAL ] gamma=10 step=20000 val_loss=0.1196
[2026-04-30T21:46:10 INFO] gamma=10 step=20500 train_loss=0.1230
[2026-04-30T21:47:20 INFO] gamma=10 step=21000 train_loss=0.1202
[2026-04-30T21:48:30 INFO] gamma=10 step=21500 train_loss=0.1164
[2026-04-30T21:49:40 INFO] gamma=10 step=22000 train_loss=0.1120
[2026-04-30T21:50:50 INFO] gamma=10 step=22500 train_loss=0.1076
[2026-04-30T21:52:00 INFO] gamma=10 step=23000 train_loss=0.1038
[2026-04-30T21:53:10 INFO] gamma=10 step=23500 train_loss=0.1010
[2026-04-30T21:54:20 INFO] gamma=10 step=24000 train_loss=0.0995
[2026-04-30T21:55:30 INFO] gamma=10 step=24500 train_loss=0.0990
[2026-04-30T21:56:40 VAL ] gamma=10 step=25000 val_loss=0.0943
[2026-04-30T21:57:50 INFO] gamma=10 step=25500 train_loss=0.0998
[2026-04-30T21:59:00 INFO] gamma=10 step=26000 train_loss=0.0998
[2026-04-30T22:00:10 INFO] gamma=10 step=26500 train_loss=0.0989
[2026-04-30T22:01:20 INFO] gamma=10 step=27000 train_loss=0.0968
[2026-04-30T22:02:30 INFO] gamma=10 step=27500 train_loss=0.0935
[2026-04-30T22:03:40 INFO] gamma=10 step=28000 train_loss=0.0894
[2026-04-30T22:04:50 INFO] gamma=10 step=28500 train_loss=0.0849
[2026-04-30T22:06:00 INFO] gamma=10 step=29000 train_loss=0.0807
[2026-04-30T22:07:10 INFO] gamma=10 step=29500 train_loss=0.0773
[2026-04-30T22:08:20 VAL ] gamma=10 step=30000 val_loss=0.0701
[2026-04-30T22:11:39 INFO] === run 5 done: FID=9.36 HF-band=0.161 ===
[2026-04-30T22:11:40 INFO] sweep complete: best gamma=5 (FID=9.18, HF-band=0.144)
