[2026-05-03T10:00:00 INFO] starting nsight-cu profile: SD-1.5 inference, CFG=7.5, target=vae_decoder
[2026-05-03T10:00:01 INFO] nsight-cu-cli wrapping inference loop, sampling rate=2
[2026-05-03T10:00:05 INFO] warming up...
[2026-05-03T10:00:12 INFO] starting prompt 1/100
[2026-05-03T10:00:34 INFO] prompt 1/100 wall=21.4s (nsight overhead ~14x)
[2026-05-03T10:00:56 INFO] prompt 2/100 wall=21.4s (nsight overhead ~14x)
[2026-05-03T10:01:18 INFO] prompt 3/100 wall=21.4s (nsight overhead ~14x)
[2026-05-03T10:01:40 INFO] prompt 4/100 wall=21.4s (nsight overhead ~14x)
[2026-05-03T10:02:02 INFO] prompt 5/100 wall=21.4s (nsight overhead ~14x)
[2026-05-03T10:02:24 INFO] prompt 6/100 wall=21.4s (nsight overhead ~14x)
[2026-05-03T10:02:46 INFO] prompt 7/100 wall=21.4s (nsight overhead ~14x)
[2026-05-03T10:03:08 INFO] prompt 8/100 wall=21.4s (nsight overhead ~14x)
[2026-05-03T10:03:30 INFO] prompt 9/100 wall=21.4s (nsight overhead ~14x)
[2026-05-03T10:03:52 INFO] prompt 10/100 wall=21.4s (nsight overhead ~14x)
[2026-05-03T10:04:14 INFO] prompt 11/100 wall=21.4s (nsight overhead ~14x)
[2026-05-03T10:04:36 INFO] prompt 12/100 wall=21.4s (nsight overhead ~14x)
[2026-05-03T10:04:58 INFO] prompt 13/100 wall=21.4s (nsight overhead ~14x)
[2026-05-03T10:05:20 INFO] prompt 14/100 wall=21.4s (nsight overhead ~14x)
[2026-05-03T10:05:42 INFO] prompt 15/100 wall=21.4s (nsight overhead ~14x)
[2026-05-03T10:06:04 INFO] prompt 16/100 wall=21.4s (nsight overhead ~14x)
[2026-05-03T10:06:26 INFO] prompt 17/100 wall=21.4s (nsight overhead ~14x)
[2026-05-03T10:06:48 INFO] prompt 18/100 wall=21.4s (nsight overhead ~14x)
[2026-05-03T10:07:10 INFO] prompt 19/100 wall=21.4s (nsight overhead ~14x)
[2026-05-03T10:07:32 INFO] prompt 20/100 wall=21.4s (nsight overhead ~14x)
[2026-05-03T10:07:54 INFO] prompt 21/100 wall=21.4s (nsight overhead ~14x)
[2026-05-03T10:08:16 INFO] prompt 22/100 wall=21.4s (nsight overhead ~14x)
[2026-05-03T10:08:38 INFO] prompt 23/100 wall=21.4s (nsight overhead ~14x)
[2026-05-03T10:09:00 INFO] prompt 24/100 wall=21.4s (nsight overhead ~14x)
[2026-05-03T10:09:22 INFO] prompt 25/100 wall=21.4s (nsight overhead ~14x)
[2026-05-03T10:09:44 INFO] prompt 26/100 wall=21.4s (nsight overhead ~14x)
[2026-05-03T10:10:06 INFO] prompt 27/100 wall=21.4s (nsight overhead ~14x)
[2026-05-03T10:10:28 INFO] prompt 28/100 wall=21.4s (nsight overhead ~14x)
[2026-05-03T10:10:50 INFO] prompt 29/100 wall=21.4s (nsight overhead ~14x)
[2026-05-03T10:11:12 INFO] prompt 30/100 wall=21.4s (nsight overhead ~14x)
[2026-05-03T10:11:34 INFO] prompt 31/100 wall=21.4s (nsight overhead ~14x)
[2026-05-03T10:11:56 INFO] prompt 32/100 wall=21.4s (nsight overhead ~14x)
[2026-05-03T10:12:18 INFO] prompt 33/100 wall=21.4s (nsight overhead ~14x)
[2026-05-03T10:12:40 INFO] prompt 34/100 wall=21.4s (nsight overhead ~14x)
[2026-05-03T10:13:02 INFO] prompt 35/100 wall=21.4s (nsight overhead ~14x)
[2026-05-03T10:13:24 INFO] prompt 36/100 wall=21.4s (nsight overhead ~14x)
[2026-05-03T10:13:46 INFO] prompt 37/100 wall=21.4s (nsight overhead ~14x)
[2026-05-03T10:14:08 INFO] prompt 38/100 wall=21.4s (nsight overhead ~14x)
[2026-05-03T10:14:30 INFO] prompt 39/100 wall=21.4s (nsight overhead ~14x)
[2026-05-03T10:14:52 INFO] prompt 40/100 wall=21.4s (nsight overhead ~14x)
[2026-05-03T10:15:14 INFO] prompt 41/100 wall=21.4s (nsight overhead ~14x)
[2026-05-03T10:15:36 INFO] prompt 42/100 wall=21.4s (nsight overhead ~14x)
[2026-05-03T10:15:58 INFO] prompt 43/100 wall=21.4s (nsight overhead ~14x)
[2026-05-03T10:16:20 INFO] prompt 44/100 wall=21.4s (nsight overhead ~14x)
[2026-05-03T10:16:42 INFO] prompt 45/100 wall=21.4s (nsight overhead ~14x)
[2026-05-03T10:17:04 INFO] prompt 46/100 wall=21.4s (nsight overhead ~14x)
[2026-05-03T10:17:26 INFO] prompt 47/100 wall=21.4s (nsight overhead ~14x)
[2026-05-03T10:18:00 INFO] prompt 48/100 sampling...
[2026-05-03T10:18:10 ERROR] worker process died unexpectedly (SIGSEGV)
[2026-05-03T10:18:11 ERROR] nsight produced no profile output (truncated capture)
[2026-05-03T10:18:12 FATAL] aborting; see logs/stderr.log for traceback
