[2026-05-02T09:00:00 INFO] CFG sweep: SD-1.5, DDIM-50, PartiPrompts-1k, 4 samples/prompt, CFG ∈ {4.5, 7.5, 10, 12}
[2026-05-02T09:00:00 INFO] === starting CFG=4.5 sweep ===
[2026-05-02T09:10:50 INFO] cfg=4.5 progress=100/1000 mean_pairwise_lpips=0.420
[2026-05-02T09:21:40 INFO] cfg=4.5 progress=200/1000 mean_pairwise_lpips=0.427
[2026-05-02T09:32:30 INFO] cfg=4.5 progress=300/1000 mean_pairwise_lpips=0.430
[2026-05-02T09:43:20 INFO] cfg=4.5 progress=400/1000 mean_pairwise_lpips=0.428
[2026-05-02T09:54:10 INFO] cfg=4.5 progress=500/1000 mean_pairwise_lpips=0.422
[2026-05-02T10:05:00 INFO] cfg=4.5 progress=600/1000 mean_pairwise_lpips=0.413
[2026-05-02T10:15:50 INFO] cfg=4.5 progress=700/1000 mean_pairwise_lpips=0.403
[2026-05-02T10:26:40 INFO] cfg=4.5 progress=800/1000 mean_pairwise_lpips=0.395
[2026-05-02T10:37:30 INFO] cfg=4.5 progress=900/1000 mean_pairwise_lpips=0.390
[2026-05-02T10:48:20 INFO] cfg=4.5 progress=1000/1000 mean_pairwise_lpips=0.391
[2026-05-02T10:55:00 INFO] cfg=4.5 done: mean_LPIPS=0.410 p99_LPIPS=0.620
[2026-05-02T10:56:40 INFO] === starting CFG=7.5 sweep ===
[2026-05-02T11:07:30 INFO] cfg=7.5 progress=100/1000 mean_pairwise_lpips=0.390
[2026-05-02T11:18:20 INFO] cfg=7.5 progress=200/1000 mean_pairwise_lpips=0.397
[2026-05-02T11:29:10 INFO] cfg=7.5 progress=300/1000 mean_pairwise_lpips=0.400
[2026-05-02T11:40:00 INFO] cfg=7.5 progress=400/1000 mean_pairwise_lpips=0.398
[2026-05-02T11:50:50 INFO] cfg=7.5 progress=500/1000 mean_pairwise_lpips=0.392
[2026-05-02T12:01:40 INFO] cfg=7.5 progress=600/1000 mean_pairwise_lpips=0.383
[2026-05-02T12:12:30 INFO] cfg=7.5 progress=700/1000 mean_pairwise_lpips=0.373
[2026-05-02T12:23:20 INFO] cfg=7.5 progress=800/1000 mean_pairwise_lpips=0.365
[2026-05-02T12:34:10 INFO] cfg=7.5 progress=900/1000 mean_pairwise_lpips=0.360
[2026-05-02T12:45:00 INFO] cfg=7.5 progress=1000/1000 mean_pairwise_lpips=0.361
[2026-05-02T12:51:40 INFO] cfg=7.5 done: mean_LPIPS=0.380 p99_LPIPS=0.590
[2026-05-02T12:53:20 INFO] === starting CFG=10.0 sweep ===
[2026-05-02T13:04:10 INFO] cfg=10.0 progress=100/1000 mean_pairwise_lpips=0.320
[2026-05-02T13:15:00 INFO] cfg=10.0 progress=200/1000 mean_pairwise_lpips=0.327
[2026-05-02T13:25:50 INFO] cfg=10.0 progress=300/1000 mean_pairwise_lpips=0.330
[2026-05-02T13:36:40 INFO] cfg=10.0 progress=400/1000 mean_pairwise_lpips=0.328
[2026-05-02T13:47:30 INFO] cfg=10.0 progress=500/1000 mean_pairwise_lpips=0.322
[2026-05-02T13:58:20 INFO] cfg=10.0 progress=600/1000 mean_pairwise_lpips=0.313
[2026-05-02T14:09:10 INFO] cfg=10.0 progress=700/1000 mean_pairwise_lpips=0.303
[2026-05-02T14:20:00 INFO] cfg=10.0 progress=800/1000 mean_pairwise_lpips=0.295
[2026-05-02T14:30:50 INFO] cfg=10.0 progress=900/1000 mean_pairwise_lpips=0.290
[2026-05-02T14:41:40 INFO] cfg=10.0 progress=1000/1000 mean_pairwise_lpips=0.291
[2026-05-02T14:48:20 INFO] cfg=10.0 done: mean_LPIPS=0.310 p99_LPIPS=0.510
[2026-05-02T14:50:00 INFO] === starting CFG=12.0 sweep ===
[2026-05-02T15:00:50 INFO] cfg=12.0 progress=100/1000 mean_pairwise_lpips=0.270
[2026-05-02T15:11:40 INFO] cfg=12.0 progress=200/1000 mean_pairwise_lpips=0.277
[2026-05-02T15:22:30 INFO] cfg=12.0 progress=300/1000 mean_pairwise_lpips=0.280
[2026-05-02T15:33:20 INFO] cfg=12.0 progress=400/1000 mean_pairwise_lpips=0.278
[2026-05-02T15:44:10 INFO] cfg=12.0 progress=500/1000 mean_pairwise_lpips=0.272
[2026-05-02T15:55:00 INFO] cfg=12.0 progress=600/1000 mean_pairwise_lpips=0.263
[2026-05-02T16:05:50 INFO] cfg=12.0 progress=700/1000 mean_pairwise_lpips=0.253
[2026-05-02T16:16:40 INFO] cfg=12.0 progress=800/1000 mean_pairwise_lpips=0.245
[2026-05-02T16:27:30 INFO] cfg=12.0 progress=900/1000 mean_pairwise_lpips=0.240
[2026-05-02T16:38:20 INFO] cfg=12.0 progress=1000/1000 mean_pairwise_lpips=0.241
[2026-05-02T16:45:00 INFO] cfg=12.0 done: mean_LPIPS=0.260 p99_LPIPS=0.430
[2026-05-02T16:48:20 INFO] sweep complete: H2 partial — non-linear past CFG=7.5, but only 4 points
