[2026-05-02T13:00:00 INFO] sampler comparison: DDIM, DPM++ 2M Karras x {20, 50} steps, 5 reruns each, COCO-val 5k
[2026-05-02T13:00:00 INFO] === DDIM 20 starting (5 reruns) ===
[2026-05-02T13:00:00 INFO] DDIM 20 rerun 1/5 starting
[2026-05-02T13:01:40 INFO] DDIM 20 rerun 1/5 sampled 1500 / 5000 images
[2026-05-02T13:03:20 INFO] DDIM 20 rerun 1/5 sampled 3000 / 5000 images
[2026-05-02T13:05:00 INFO] DDIM 20 rerun 1/5 sampled 4500 / 5000 images
[2026-05-02T13:06:45 INFO] DDIM 20 rerun 1/5 done: FID=13.949 wall=0.580s/img
[2026-05-02T13:06:50 INFO] DDIM 20 rerun 2/5 starting
[2026-05-02T13:08:30 INFO] DDIM 20 rerun 2/5 sampled 1500 / 5000 images
[2026-05-02T13:10:10 INFO] DDIM 20 rerun 2/5 sampled 3000 / 5000 images
[2026-05-02T13:11:50 INFO] DDIM 20 rerun 2/5 sampled 4500 / 5000 images
[2026-05-02T13:13:35 INFO] DDIM 20 rerun 2/5 done: FID=13.969 wall=0.580s/img
[2026-05-02T13:13:40 INFO] DDIM 20 rerun 3/5 starting
[2026-05-02T13:15:20 INFO] DDIM 20 rerun 3/5 sampled 1500 / 5000 images
[2026-05-02T13:17:00 INFO] DDIM 20 rerun 3/5 sampled 3000 / 5000 images
[2026-05-02T13:18:40 INFO] DDIM 20 rerun 3/5 sampled 4500 / 5000 images
[2026-05-02T13:20:25 INFO] DDIM 20 rerun 3/5 done: FID=13.962 wall=0.580s/img
[2026-05-02T13:20:30 INFO] DDIM 20 rerun 4/5 starting
[2026-05-02T13:22:10 INFO] DDIM 20 rerun 4/5 sampled 1500 / 5000 images
[2026-05-02T13:23:50 INFO] DDIM 20 rerun 4/5 sampled 3000 / 5000 images
[2026-05-02T13:25:30 INFO] DDIM 20 rerun 4/5 sampled 4500 / 5000 images
[2026-05-02T13:27:15 INFO] DDIM 20 rerun 4/5 done: FID=13.930 wall=0.580s/img
[2026-05-02T13:27:20 INFO] DDIM 20 rerun 5/5 starting
[2026-05-02T13:29:00 INFO] DDIM 20 rerun 5/5 sampled 1500 / 5000 images
[2026-05-02T13:30:40 INFO] DDIM 20 rerun 5/5 sampled 3000 / 5000 images
[2026-05-02T13:32:20 INFO] DDIM 20 rerun 5/5 sampled 4500 / 5000 images
[2026-05-02T13:34:05 INFO] DDIM 20 rerun 5/5 done: FID=13.889 wall=0.580s/img
[2026-05-02T13:36:40 INFO] === DDIM 50 starting (5 reruns) ===
[2026-05-02T13:36:40 INFO] DDIM 50 rerun 1/5 starting
[2026-05-02T13:38:20 INFO] DDIM 50 rerun 1/5 sampled 1500 / 5000 images
[2026-05-02T13:40:00 INFO] DDIM 50 rerun 1/5 sampled 3000 / 5000 images
[2026-05-02T13:41:40 INFO] DDIM 50 rerun 1/5 sampled 4500 / 5000 images
[2026-05-02T13:43:25 INFO] DDIM 50 rerun 1/5 done: FID=12.529 wall=1.410s/img
[2026-05-02T13:43:30 INFO] DDIM 50 rerun 2/5 starting
[2026-05-02T13:45:10 INFO] DDIM 50 rerun 2/5 sampled 1500 / 5000 images
[2026-05-02T13:46:50 INFO] DDIM 50 rerun 2/5 sampled 3000 / 5000 images
[2026-05-02T13:48:30 INFO] DDIM 50 rerun 2/5 sampled 4500 / 5000 images
[2026-05-02T13:50:15 INFO] DDIM 50 rerun 2/5 done: FID=12.549 wall=1.410s/img
[2026-05-02T13:50:20 INFO] DDIM 50 rerun 3/5 starting
[2026-05-02T13:52:00 INFO] DDIM 50 rerun 3/5 sampled 1500 / 5000 images
[2026-05-02T13:53:40 INFO] DDIM 50 rerun 3/5 sampled 3000 / 5000 images
[2026-05-02T13:55:20 INFO] DDIM 50 rerun 3/5 sampled 4500 / 5000 images
[2026-05-02T13:57:05 INFO] DDIM 50 rerun 3/5 done: FID=12.542 wall=1.410s/img
[2026-05-02T13:57:10 INFO] DDIM 50 rerun 4/5 starting
[2026-05-02T13:58:50 INFO] DDIM 50 rerun 4/5 sampled 1500 / 5000 images
[2026-05-02T14:00:30 INFO] DDIM 50 rerun 4/5 sampled 3000 / 5000 images
[2026-05-02T14:02:10 INFO] DDIM 50 rerun 4/5 sampled 4500 / 5000 images
[2026-05-02T14:03:55 INFO] DDIM 50 rerun 4/5 done: FID=12.510 wall=1.410s/img
[2026-05-02T14:04:00 INFO] DDIM 50 rerun 5/5 starting
[2026-05-02T14:05:40 INFO] DDIM 50 rerun 5/5 sampled 1500 / 5000 images
[2026-05-02T14:07:20 INFO] DDIM 50 rerun 5/5 sampled 3000 / 5000 images
[2026-05-02T14:09:00 INFO] DDIM 50 rerun 5/5 sampled 4500 / 5000 images
[2026-05-02T14:10:45 INFO] DDIM 50 rerun 5/5 done: FID=12.469 wall=1.410s/img
[2026-05-02T14:13:20 INFO] === DPM++_2M_Karras 20 starting (5 reruns) ===
[2026-05-02T14:13:20 INFO] DPM++_2M_Karras 20 rerun 1/5 starting
[2026-05-02T14:15:00 INFO] DPM++_2M_Karras 20 rerun 1/5 sampled 1500 / 5000 images
[2026-05-02T14:16:40 INFO] DPM++_2M_Karras 20 rerun 1/5 sampled 3000 / 5000 images
[2026-05-02T14:18:20 INFO] DPM++_2M_Karras 20 rerun 1/5 sampled 4500 / 5000 images
[2026-05-02T14:20:05 INFO] DPM++_2M_Karras 20 rerun 1/5 done: FID=12.649 wall=0.610s/img
[2026-05-02T14:20:10 INFO] DPM++_2M_Karras 20 rerun 2/5 starting
[2026-05-02T14:21:50 INFO] DPM++_2M_Karras 20 rerun 2/5 sampled 1500 / 5000 images
[2026-05-02T14:23:30 INFO] DPM++_2M_Karras 20 rerun 2/5 sampled 3000 / 5000 images
[2026-05-02T14:25:10 INFO] DPM++_2M_Karras 20 rerun 2/5 sampled 4500 / 5000 images
[2026-05-02T14:26:55 INFO] DPM++_2M_Karras 20 rerun 2/5 done: FID=12.669 wall=0.610s/img
[2026-05-02T14:27:00 INFO] DPM++_2M_Karras 20 rerun 3/5 starting
[2026-05-02T14:28:40 INFO] DPM++_2M_Karras 20 rerun 3/5 sampled 1500 / 5000 images
[2026-05-02T14:30:20 INFO] DPM++_2M_Karras 20 rerun 3/5 sampled 3000 / 5000 images
[2026-05-02T14:32:00 INFO] DPM++_2M_Karras 20 rerun 3/5 sampled 4500 / 5000 images
[2026-05-02T14:33:45 INFO] DPM++_2M_Karras 20 rerun 3/5 done: FID=12.662 wall=0.610s/img
[2026-05-02T14:33:50 INFO] DPM++_2M_Karras 20 rerun 4/5 starting
[2026-05-02T14:35:30 INFO] DPM++_2M_Karras 20 rerun 4/5 sampled 1500 / 5000 images
[2026-05-02T14:37:10 INFO] DPM++_2M_Karras 20 rerun 4/5 sampled 3000 / 5000 images
[2026-05-02T14:38:50 INFO] DPM++_2M_Karras 20 rerun 4/5 sampled 4500 / 5000 images
[2026-05-02T14:40:35 INFO] DPM++_2M_Karras 20 rerun 4/5 done: FID=12.630 wall=0.610s/img
[2026-05-02T14:40:40 INFO] DPM++_2M_Karras 20 rerun 5/5 starting
[2026-05-02T14:42:20 INFO] DPM++_2M_Karras 20 rerun 5/5 sampled 1500 / 5000 images
[2026-05-02T14:44:00 INFO] DPM++_2M_Karras 20 rerun 5/5 sampled 3000 / 5000 images
[2026-05-02T14:45:40 INFO] DPM++_2M_Karras 20 rerun 5/5 sampled 4500 / 5000 images
[2026-05-02T14:47:25 INFO] DPM++_2M_Karras 20 rerun 5/5 done: FID=12.589 wall=0.610s/img
[2026-05-02T14:50:00 INFO] === DPM++_2M_Karras 50 starting (5 reruns) ===
[2026-05-02T14:50:00 INFO] DPM++_2M_Karras 50 rerun 1/5 starting
[2026-05-02T14:51:40 INFO] DPM++_2M_Karras 50 rerun 1/5 sampled 1500 / 5000 images
[2026-05-02T14:53:20 INFO] DPM++_2M_Karras 50 rerun 1/5 sampled 3000 / 5000 images
[2026-05-02T14:55:00 INFO] DPM++_2M_Karras 50 rerun 1/5 sampled 4500 / 5000 images
[2026-05-02T14:56:45 INFO] DPM++_2M_Karras 50 rerun 1/5 done: FID=12.489 wall=1.450s/img
[2026-05-02T14:56:50 INFO] DPM++_2M_Karras 50 rerun 2/5 starting
[2026-05-02T14:58:30 INFO] DPM++_2M_Karras 50 rerun 2/5 sampled 1500 / 5000 images
[2026-05-02T15:00:10 INFO] DPM++_2M_Karras 50 rerun 2/5 sampled 3000 / 5000 images
[2026-05-02T15:01:50 INFO] DPM++_2M_Karras 50 rerun 2/5 sampled 4500 / 5000 images
[2026-05-02T15:03:35 INFO] DPM++_2M_Karras 50 rerun 2/5 done: FID=12.509 wall=1.450s/img
[2026-05-02T15:03:40 INFO] DPM++_2M_Karras 50 rerun 3/5 starting
[2026-05-02T15:05:20 INFO] DPM++_2M_Karras 50 rerun 3/5 sampled 1500 / 5000 images
[2026-05-02T15:07:00 INFO] DPM++_2M_Karras 50 rerun 3/5 sampled 3000 / 5000 images
[2026-05-02T15:08:40 INFO] DPM++_2M_Karras 50 rerun 3/5 sampled 4500 / 5000 images
[2026-05-02T15:10:25 INFO] DPM++_2M_Karras 50 rerun 3/5 done: FID=12.502 wall=1.450s/img
[2026-05-02T15:10:30 INFO] DPM++_2M_Karras 50 rerun 4/5 starting
[2026-05-02T15:12:10 INFO] DPM++_2M_Karras 50 rerun 4/5 sampled 1500 / 5000 images
[2026-05-02T15:13:50 INFO] DPM++_2M_Karras 50 rerun 4/5 sampled 3000 / 5000 images
[2026-05-02T15:15:30 INFO] DPM++_2M_Karras 50 rerun 4/5 sampled 4500 / 5000 images
[2026-05-02T15:17:15 INFO] DPM++_2M_Karras 50 rerun 4/5 done: FID=12.470 wall=1.450s/img
[2026-05-02T15:17:20 INFO] DPM++_2M_Karras 50 rerun 5/5 starting
[2026-05-02T15:19:00 INFO] DPM++_2M_Karras 50 rerun 5/5 sampled 1500 / 5000 images
[2026-05-02T15:20:40 INFO] DPM++_2M_Karras 50 rerun 5/5 sampled 3000 / 5000 images
[2026-05-02T15:22:20 INFO] DPM++_2M_Karras 50 rerun 5/5 sampled 4500 / 5000 images
[2026-05-02T15:24:05 INFO] DPM++_2M_Karras 50 rerun 5/5 done: FID=12.429 wall=1.450s/img
[2026-05-02T15:30:00 INFO] DPM++_2M_Karras-20 nearly matches DDIM-50 (FID gap 0.12, within 2σ)
[2026-05-02T15:30:01 INFO] recommendation: switch default to DPM++ 2M Karras-20 (~2.4x faster)
